// Vitest Snapshot v1, https://vitest.dev/guide/snapshot.html

exports[`runTick: rendered-text snapshot (first 15 log entries) > matches recorded log text 1`] = `
[
  {
    "kind": "narrative",
    "text": "Wayfarer explores northwest to the Market Lane. A narrow cobbled lane crowded with tilted stalls and the smell of bread. Locals side-step each other without looking.",
  },
  {
    "kind": "narrative",
    "text": "A Strong Cellar Spider bars the way. Big as a cat, patient as a jailer.",
  },
  {
    "kind": "narrative",
    "text": "The Strong Cellar Spider catches Wayfarer off guard! (Ambush — 2× damage)",
  },
  {
    "kind": "damage",
    "text": "The Strong Cellar Spider perforates Wayfarer.",
  },
  {
    "kind": "damage",
    "text": "Wayfarer hammers the Strong Cellar Spider.",
  },
  {
    "kind": "damage",
    "text": "The Strong Cellar Spider grazes Wayfarer.",
  },
  {
    "kind": "damage",
    "text": "Wayfarer lands on the Strong Cellar Spider.",
  },
  {
    "kind": "damage",
    "text": "The Strong Cellar Spider lances at Wayfarer.",
  },
  {
    "kind": "condition-gain",
    "text": "The Strong Cellar Spider poisons Hiro.",
  },
  {
    "kind": "condition-tick",
    "text": "Poison rubs Hiro.",
  },
  {
    "kind": "damage",
    "text": "Wayfarer clobbers the Strong Cellar Spider.",
  },
  {
    "kind": "loot",
    "text": "The Strong Cellar Spider falls. (+65 XP)",
  },
  {
    "kind": "narrative",
    "text": "Wayfarer stows the spoils in a strange chest. It clicks shut.",
  },
  {
    "kind": "condition-tick",
    "text": "Poison dusts Hiro.",
  },
  {
    "kind": "narrative",
    "text": "Wayfarer heads southeast to the Market Square.",
  },
]
`;

exports[`runTick: structural snapshot > matches the recorded structural fingerprint 1`] = `
{
  "deathCount": 0,
  "finalGold": 2,
  "finalHp": 29,
  "finalLevel": 2,
  "finalMaxHp": 47,
  "finalState": "exploring",
  "inventorySize": 4,
  "journalEntryKinds": [
    "level-up",
  ],
  "levelUpCount": 1,
  "logCount": 70,
  "logKindCounts": {
    "chapter": 2,
    "condition-gain": 1,
    "condition-tick": 3,
    "damage": 15,
    "loot": 5,
    "narrative": 42,
    "thought": 2,
  },
  "stateTransitions": [
    "exploring",
    "fighting",
    "exploring",
    "resting",
    "exploring",
    "resting",
    "exploring",
    "fighting",
    "exploring",
  ],
  "ticks": 50,
  "visitedRoomCount": 13,
}
`;
